# column   1     --> step : The current simulation time step.
# column   2     --> potential{electronvolt} : The physical system potential energy.
    0.00000000e+00     1.18368288e-01   
    1.00000000e+00     4.25536860e-02   
    2.00000000e+00     3.14110661e-02   
    3.00000000e+00     1.10247042e-02   
    4.00000000e+00     7.61768008e-03   
    5.00000000e+00     6.17034118e-03   
    6.00000000e+00     5.17160877e-03   
    7.00000000e+00     3.63951782e-03   
    8.00000000e+00     3.40286133e-03   
    9.00000000e+00     2.50063956e-03   
    1.00000000e+01     1.87091865e-03   
