# column   1     --> step : The current simulation time step.
# column   2     --> potential{electronvolt} : The physical system potential energy.
    0.00000000e+00    -1.07641831e-01   
    1.00000000e+00    -1.08327310e-01   
    2.00000000e+00    -1.11007966e-01   
    3.00000000e+00    -1.15230571e-01   
    4.00000000e+00    -1.20494968e-01   
    5.00000000e+00    -1.26583077e-01   
    6.00000000e+00    -1.32841447e-01   
    7.00000000e+00    -1.39387929e-01   
