# column   1     --> step : The current simulation time step.
# column   2     --> potential{electronvolt} : The physical system potential energy.
    0.00000000e+00    -3.02631856e-02   
    1.00000000e+00    -3.25063453e-02   
    2.00000000e+00    -3.50300942e-02   
    3.00000000e+00    -3.78215162e-02   
    4.00000000e+00    -4.08673683e-02   
    5.00000000e+00    -4.41541136e-02   
    6.00000000e+00    -4.76679550e-02   
    7.00000000e+00    -5.13948838e-02   
    8.00000000e+00    -5.53207650e-02   
    9.00000000e+00    -5.94315090e-02   
    1.00000000e+01    -6.37134579e-02   
    1.10000000e+01    -6.81544325e-02   
    1.20000000e+01    -7.27477411e-02   
    1.30000000e+01    -7.46748922e-02   
    1.40000000e+01    -7.47266546e-02   
    1.50000000e+01    -7.47283545e-02   
