# column   1     --> step : The current simulation time step.
# column   2     --> potential{electronvolt} : The physical system potential energy.
    0.00000000e+00     1.05496586e-02   
    1.00000000e+00     4.61516626e-03   
    2.00000000e+00     1.09315251e-03   
    3.00000000e+00     4.92973636e-04   
    4.00000000e+00     2.24164684e-04   
    5.00000000e+00     1.50055037e-04   
    6.00000000e+00     8.30070521e-05   
    7.00000000e+00     3.14274814e-05   
    8.00000000e+00     2.86943556e-05   
    9.00000000e+00     2.60600680e-05   
    1.00000000e+01     2.57538016e-05   
